deno : [0m[32mTask[0m 
[0m[36mtest[0m deno 
test --allow-net 
--allow-env --allow-read 
--allow-import 
"--no-check"
At line:1 char:1
+ deno task test 
--no-check > 
test_output.txt 2>&1; 
Get-Content test_ou ...
+ ~~~~~~~~~~~~~~~~~~~~~~~~
~~~~~~~~~~~~~~~~~~~~~~~~
    + CategoryInfo        
      : NotSpecified: (  
  [0m[32mTask[...rt "   
 --no-check":String) [    
], RemoteException
    + FullyQualifiedError 
   Id : NativeCommandErr  
  or
 
[0m[38;5;245m------- pre-test output -------[0m

========================================
  MCP Gateway Server v2.0.0
========================================
  Streamable HTTP: http://localhost:8000/mcp
  SSE Transport:   http://localhost:8000/sse
  Health Check:    http://localhost:8000/health
  Metrics:         http://localhost:8000/metrics
  Tools List:      http://localhost:8000/mcp/tools/list
----------------------------------------
  Backend Servers:

========================================

Listening on 
http://localhost:8000/
[0m[38;5;245m----- pre-test output end -----[0m
[0m[38;5;245mrunning 29 tests from ./main_test.ts[0m
Health endpoint returns 200 OK ... [0m[32mok[0m [0m[38;5;245m(3ms)[0m
Health endpoint includes backend server status ... [0m[31mFAILED[0m [0m[38;5;245m(1ms)[0m
Metrics endpoint returns valid metrics ... [0m[32mok[0m [0m[38;5;245m(0ms)[0m
CORS preflight request returns 204 ... [0m[32mok[0m [0m[38;5;245m(0ms)[0m
CORS headers are present on API responses ... [0m[32mok[0m [0m[38;5;245m(0ms)[0m
Tools list endpoint returns tools array ... [0m[32mok[0m [0m[38;5;245m(0ms)[0m
Tools have namespace prefixes ... [0m[32mok[0m [0m[38;5;245m(0ms)[0m
Resources list endpoint returns resources array ... [0m[32mok[0m [0m[38;5;245m(0ms)[0m
Prompts list endpoint returns prompts array ... [0m[32mok[0m [0m[38;5;245m(0ms)[0m
404 for unknown paths ... [0m[32mok[0m [0m[38;5;245m(0ms)[0m
Invalid JSON in POST request returns error ...
[0m[38;5;245m------- output -------[0m
Request error: Unexpected token 'i', "invalid json" is not valid JSON
[0m[38;5;245m----- output end -----[0m
Invalid JSON in POST request returns error ... [0m[32mok[0m [0m[38;5;245m(0ms)[0m
Rate limiting blocks excessive requests ... [0m[31mFAILED[0m [0m[38;5;245m(19ms)[0m
Protected endpoints require auth when API key is configured ... [0m[31mFAILED[0m [0m[38;5;245m(0ms)[0m
Valid API key allows access to protected endpoints ... [0m[32mok[0m [0m[38;5;245m(0ms)[0m
JSON-RPC valid response format ... [0m[32mok[0m [0m[38;5;245m(0ms)[0m
JSON-RPC error response format ... [0m[32mok[0m [0m[38;5;245m(0ms)[0m
JSON-RPC responses have jsonrpc field ... [0m[32mok[0m [0m[38;5;245m(0ms)[0m
Metrics endpoint tracks request count ... [0m[32mok[0m [0m[38;5;245m(0ms)[0m
Metrics includes request tracking ... [0m[32mok[0m [0m[38;5;245m(0ms)[0m
Metrics endpoint has basic structure ... [0m[32mok[0m [0m[38;5;245m(0ms)[0m
OPTIONS request returns 204 ... [0m[32mok[0m [0m[38;5;245m(0ms)[0m
CORS headers present on preflight ... [0m[32mok[0m [0m[38;5;245m(0ms)[0m
POST request with charset in content-type ... [0m[32mok[0m [0m[38;5;245m(0ms)[0m
Empty POST body returns error ...
[0m[38;5;245m------- output -------[0m
Request error: Unexpected end of JSON input
[0m[38;5;245m----- output end -----[0m
Empty POST body returns error ... [0m[32mok[0m [0m[38;5;245m(0ms)[0m
Invalid JSON body handling ...
[0m[38;5;245m------- output -------[0m
Request error: Expected property name or '}' in JSON at position 1 (line 1 column 2)
[0m[38;5;245m----- output end -----[0m
Invalid JSON body handling ... [0m[32mok[0m [0m[38;5;245m(0ms)[0m
GET /health returns 200 with JSON ... [0m[32mok[0m [0m[38;5;245m(0ms)[0m
GET /metrics returns JSON ... [0m[32mok[0m [0m[38;5;245m(0ms)[0m
GET /mcp/tools/list returns 200 ... [0m[32mok[0m [0m[38;5;245m(0ms)[0m
POST to unknown path handling ... [0m[32mok[0m [0m[38;5;245m(0ms)[0m
[0m[38;5;245mrunning 20 tests from ./src/circuitbreaker/CircuitBreaker.test.ts[0m
CircuitBreaker - Initial State ... [0m[32mok[0m [0m[38;5;245m(0ms)[0m
CircuitBreaker - Successful Operation ... [0m[32mok[0m [0m[38;5;245m(0ms)[0m
CircuitBreaker - Single Failure ... [0m[32mok[0m [0m[38;5;245m(0ms)[0m
CircuitBreaker - Opens After Threshold ...
[0m[38;5;245m------- post-test output -------[0m
[CircuitBreaker] test-service: Failure threshold reached, opening circuit
[0m[38;5;245m----- post-test output end -----[0m
CircuitBreaker - Opens After Threshold ... [0m[32mok[0m [0m[38;5;245m(0ms)[0m
CircuitBreaker - Rejects Requests When Open ...
[0m[38;5;245m------- post-test output -------[0m
[CircuitBreaker] test-service: Failure threshold reached, opening circuit
[0m[38;5;245m----- post-test output end -----[0m
CircuitBreaker - Rejects Requests When Open ... [0m[32mok[0m [0m[38;5;245m(7ms)[0m
CircuitBreaker - Transitions to HALF_OPEN ...
[0m[38;5;245m------- post-test output -------[0m
[CircuitBreaker] test-service: Failure threshold reached, opening circuit
[CircuitBreaker] test-service: Transitioning to HALF_OPEN
[0m[38;5;245m----- post-test output end -----[0m
CircuitBreaker - Transitions to HALF_OPEN ... [0m[32mok[0m [0m[38;5;245m(156ms)[0m
CircuitBreaker - Closes After Successful Recovery ...
[0m[38;5;245m------- post-test output -------[0m
[CircuitBreaker] test-service: Failure threshold reached, opening circuit
[CircuitBreaker] test-service: Transitioning to HALF_OPEN
[CircuitBreaker] test-service: Transitioned to CLOSED (recovered)
[0m[38;5;245m----- post-test output end -----[0m
CircuitBreaker - Closes After Successful Recovery ... [0m[32mok[0m [0m[38;5;245m(156ms)[0m
CircuitBreaker - Returns to OPEN on HALF_OPEN Failure ...
[0m[38;5;245m------- post-test output -------[0m
[CircuitBreaker] test-service: Failure threshold reached, opening circuit
[CircuitBreaker] test-service: Transitioning to HALF_OPEN
[CircuitBreaker] test-service: Recovery failed, back to OPEN
[0m[38;5;245m----- post-test output end -----[0m
CircuitBreaker - Returns to OPEN on HALF_OPEN Failure ... [0m[32mok[0m [0m[38;5;245m(156ms)[0m
CircuitBreaker - Reset ...
[0m[38;5;245m------- post-test output -------[0m
[CircuitBreaker] test-service: Reset
[0m[38;5;245m----- post-test output end -----[0m
CircuitBreaker - Reset ... [0m[32mok[0m [0m[38;5;245m(0ms)[0m
CircuitBreaker - Monitor Window Resets Failures ... [0m[32mok[0m [0m[38;5;245m(154ms)[0m
CircuitBreaker - Custom Configuration ... [0m[32mok[0m [0m[38;5;245m(0ms)[0m
CircuitBreakerRegistry - Get or Create ... [0m[32mok[0m [0m[38;5;245m(0ms)[0m
CircuitBreakerRegistry - Multiple Services ... [0m[32mok[0m [0m[38;5;245m(0ms)[0m
CircuitBreakerRegistry - Get All Statuses ... [0m[32mok[0m [0m[38;5;245m(0ms)[0m
CircuitBreakerRegistry - Reset All ...
[0m[38;5;245m------- post-test output -------[0m
[CircuitBreaker] service-1: Reset
[CircuitBreaker] service-2: Reset
[0m[38;5;245m----- post-test output end -----[0m
CircuitBreakerRegistry - Reset All ... [0m[32mok[0m [0m[38;5;245m(0ms)[0m
CircuitBreaker - Type Guards ...
[0m[38;5;245m------- post-test output -------[0m
[CircuitBreaker] test-service: Failure threshold reached, opening circuit
[0m[38;5;245m----- post-test output end -----[0m
CircuitBreaker - Type Guards ... [0m[32mok[0m [0m[38;5;245m(0ms)[0m
CircuitBreaker - Generic Type Support ... [0m[32mok[0m [0m[38;5;245m(0ms)[0m
CircuitBreaker - Preserves Original Error ... [0m[32mok[0m [0m[38;5;245m(0ms)[0m
CircuitBreaker - Service Name in Error ...
[0m[38;5;245m------- post-test output -------[0m
[CircuitBreaker] my-service: Failure threshold reached, opening circuit
[0m[38;5;245m----- post-test output end -----[0m
CircuitBreaker - Service Name in Error ... [0m[32mok[0m [0m[38;5;245m(0ms)[0m
CircuitBreaker - Status Snapshot ...
[0m[38;5;245m------- post-test output -------[0m
[CircuitBreaker] test-service: Failure threshold reached, opening circuit
[0m[38;5;245m----- post-test output end -----[0m
CircuitBreaker - Status Snapshot ... [0m[32mok[0m [0m[38;5;245m(0ms)[0m
[0m[38;5;245mrunning 15 tests from ./src/circuitbreaker/errors.test.ts[0m
CircuitOpenError - Message Format ... [0m[32mok[0m [0m[38;5;245m(0ms)[0m
CircuitOpenError - Timeout Calculation ... [0m[32mok[0m [0m[38;5;245m(0ms)[0m
CircuitOpenError - Inheritance ... [0m[32mok[0m [0m[38;5;245m(0ms)[0m
CircuitBreakerOperationError - With Error ... [0m[32mok[0m [0m[38;5;245m(0ms)[0m
CircuitBreakerOperationError - With Unknown Error ... [0m[32mok[0m [0m[38;5;245m(0ms)[0m
CircuitBreakerOperationError - Inheritance ... [0m[32mok[0m [0m[38;5;245m(0ms)[0m
CircuitStateTransitionError - Message Format ... [0m[32mok[0m [0m[38;5;245m(0ms)[0m
CircuitBreakerError - Base Properties ... [0m[32mok[0m [0m[38;5;245m(0ms)[0m
Type Guard - isCircuitBreakerError ... [0m[32mok[0m [0m[38;5;245m(0ms)[0m
Type Guard - isCircuitOpenError ... [0m[32mok[0m [0m[38;5;245m(0ms)[0m
Type Guard - isCircuitBreakerOperationError ... [0m[32mok[0m [0m[38;5;245m(0ms)[0m
Error Stack Trace ... [0m[32mok[0m [0m[38;5;245m(0ms)[0m
Error Serialization ... [0m[32mok[0m [0m[38;5;245m(0ms)[0m
Error Message Details ... [0m[32mok[0m [0m[38;5;245m(6ms)[0m
Multiple Error Instances ... [0m[32mok[0m [0m[38;5;245m(0ms)[0m
[0m[38;5;245mrunning 12 tests from ./src/circuitbreaker/integration.test.ts[0m
Integration - Single Backend with Circuit Breaker ... [0m[32mok[0m [0m[38;5;245m(34ms)[0m
Integration - Backend Failure Detection ...
[0m[38;5;245m------- post-test output -------[0m
[CircuitBreaker] backend-service: Failure threshold reached, opening circuit
[0m[38;5;245m----- post-test output end -----[0m
Integration - Backend Failure Detection ... [0m[32mok[0m [0m[38;5;245m(24ms)[0m
Integration - Circuit Open Stops Backend Calls ...
[0m[38;5;245m------- post-test output -------[0m
[CircuitBreaker] backend-service: Failure threshold reached, opening circuit
[0m[38;5;245m----- post-test output end -----[0m
Integration - Circuit Open Stops Backend Calls ... [0m[32mok[0m [0m[38;5;245m(12ms)[0m
Integration - Multiple Backends with Shared Registry ...
[0m[38;5;245m------- post-test output -------[0m
[CircuitBreaker] backend-1: Failure threshold reached, opening circuit
[0m[38;5;245m----- post-test output end -----[0m
Integration - Multiple Backends with Shared Registry ... [0m[32mok[0m [0m[38;5;245m(24ms)[0m
Integration - Backend Recovery ...
[0m[38;5;245m------- post-test output -------[0m
[CircuitBreaker] backend-service: Failure threshold reached, opening circuit
[CircuitBreaker] backend-service: Transitioning to HALF_OPEN
[CircuitBreaker] backend-service: Transitioned to CLOSED (recovered)
[0m[38;5;245m----- post-test output end -----[0m
Integration - Backend Recovery ... [0m[32mok[0m [0m[38;5;245m(189ms)[0m
Integration - Slow Backend Detection ... [0m[32mok[0m [0m[38;5;245m(1s)[0m
Integration - Rapid Failures Trigger Circuit ...
[0m[38;5;245m------- post-test output -------[0m
[CircuitBreaker] api-service: Failure threshold reached, opening circuit
[0m[38;5;245m----- post-test output end -----[0m
Integration - Rapid Failures Trigger Circuit ... [0m[32mok[0m [0m[38;5;245m(19ms)[0m
Integration - Error Details Preserved ... [0m[32mok[0m [0m[38;5;245m(0ms)[0m
Integration - Concurrent Requests ... [0m[32mok[0m [0m[38;5;245m(52ms)[0m
Integration - Partial Failure Scenario ...
[0m[38;5;245m------- post-test output -------[0m
[CircuitBreaker] flaky-service: Failure threshold reached, opening circuit
[0m[38;5;245m----- post-test output end -----[0m
Integration - Partial Failure Scenario ... [0m[32mok[0m [0m[38;5;245m(34ms)[0m
Integration - Registry Isolation ... [0m[32mok[0m [0m[38;5;245m(0ms)[0m
Integration - Circuit State Consistency ...
[0m[38;5;245m------- post-test output -------[0m
[CircuitBreaker] state-test: Failure threshold reached, opening circuit
[0m[38;5;245m----- post-test output end -----[0m
Integration - Circuit State Consistency ... [0m[32mok[0m [0m[38;5;245m(0ms)[0m
[0m[38;5;245mrunning 23 tests from ./src/endpoints/serverConfigUpload.test.ts[0m
Configuration Validation - Valid configuration ... [0m[32mok[0m [0m[38;5;245m(0ms)[0m
Configuration Validation - Missing endpoint ... [0m[32mok[0m [0m[38;5;245m(0ms)[0m
Configuration Validation - Duplicate server IDs ... [0m[32mok[0m [0m[38;5;245m(0ms)[0m
Configuration Validation - Invalid endpoint URL ... [0m[32mok[0m [0m[38;5;245m(0ms)[0m
Configuration Validation - No servers array ... [0m[32mok[0m [0m[38;5;245m(0ms)[0m
Configuration Validation - Empty servers array ... [0m[32mok[0m [0m[38;5;245m(0ms)[0m
Server Registration - Register single server ... [0m[32mok[0m [0m[38;5;245m(0ms)[0m
Server Registration - Register duplicate server ID ... [0m[32mok[0m [0m[38;5;245m(0ms)[0m
Server Registration - Register multiple servers ... [0m[32mok[0m [0m[38;5;245m(0ms)[0m
Bulk Upload - Upload valid configuration ... [0m[32mok[0m [0m[38;5;245m(0ms)[0m
Bulk Upload - Upload with validation errors ... [0m[31mFAILED[0m [0m[38;5;245m(7ms)[0m
Bulk Upload - Empty configuration ... [0m[32mok[0m [0m[38;5;245m(0ms)[0m
Server Listing - List registered servers ... [0m[31mFAILED[0m [0m[38;5;245m(0ms)[0m
Server Listing - List empty servers ... [0m[32mok[0m [0m[38;5;245m(0ms)[0m
Server Deletion - Delete existing server ... [0m[32mok[0m [0m[38;5;245m(0ms)[0m
Server Deletion - Delete non-existent server ... [0m[31mFAILED[0m [0m[38;5;245m(0ms)[0m
Health Check - Get health status ... [0m[31mFAILED[0m [0m[38;5;245m(0ms)[0m
Health Check - Health for non-existent server ... [0m[32mok[0m [0m[38;5;245m(0ms)[0m
API Endpoints - POST /mcp/servers/register ... [0m[31mFAILED[0m [0m[38;5;245m(2s)[0m
API Endpoints - GET /mcp/servers/register ... [0m[31mFAILED[0m [0m[38;5;245m(2s)[0m
API Endpoints - POST /mcp/servers/upload ... [0m[31mFAILED[0m [0m[38;5;245m(2s)[0m
API Endpoints - GET /mcp/servers/{id}/health ... [0m[31mFAILED[0m [0m[38;5;245m(2s)[0m
API Endpoints - DELETE /mcp/servers/{id} ... [0m[31mFAILED[0m [0m[38;5;245m(2s)[0m
[0m[38;5;245mrunning 3 tests from ./src/endpoints/serverRegistration.test.ts[0m
Server Registration - POST /mcp/servers/register ...
  should register a valid server ... [0m[32mok[0m [0m[38;5;245m(0ms)[0m
  should reject missing id field ... [0m[32mok[0m [0m[38;5;245m(0ms)[0m
  should reject missing name field ... [0m[32mok[0m [0m[38;5;245m(0ms)[0m
  should reject missing endpoint field ... [0m[32mok[0m [0m[38;5;245m(0ms)[0m
  should reject invalid endpoint URL ... [0m[32mok[0m [0m[38;5;245m(0ms)[0m
  should accept requiresSession field ... [0m[32mok[0m [0m[38;5;245m(0ms)[0m
  should overwrite server with same id ... [0m[32mok[0m [0m[38;5;245m(0ms)[0m
Server Registration - POST /mcp/servers/register ... [0m[32mok[0m [0m[38;5;245m(2ms)[0m
Server Registration - GET /mcp/servers/register ...
  should return empty array when no servers registered ... [0m[32mok[0m [0m[38;5;245m(0ms)[0m
  should return all registered servers ... [0m[32mok[0m [0m[38;5;245m(0ms)[0m
  should return servers with all properties ... [0m[32mok[0m [0m[38;5;245m(0ms)[0m
Server Registration - GET /mcp/servers/register ... [0m[32mok[0m [0m[38;5;245m(0ms)[0m
Server Registration - Deduplication ...
  should deduplicate servers by id in aggregated list ... [0m[32mok[0m [0m[38;5;245m(0ms)[0m
  should prevent duplicate servers in health response ... [0m[32mok[0m [0m[38;5;245m(0ms)[0m
Server Registration - Deduplication ... [0m[32mok[0m [0m[38;5;245m(7ms)[0m
[0m[38;5;245mrunning 21 tests from ./src/registry/ServerRegistry.test.ts[0m
ServerRegistry - Register and list servers ... [0m[32mok[0m [0m[38;5;245m(0ms)[0m
ServerRegistry - Unregister server ... [0m[32mok[0m [0m[38;5;245m(0ms)[0m
ServerRegistry - Get server by ID ... [0m[32mok[0m [0m[38;5;245m(0ms)[0m
ServerRegistry - Resolve tool server ... [0m[32mok[0m [0m[38;5;245m(0ms)[0m
ServerRegistry - Resolve tool server not found ... [0m[32mok[0m [0m[38;5;245m(0ms)[0m
ServerRegistry - Update server health ... [0m[32mok[0m [0m[38;5;245m(0ms)[0m
ServerRegistry - Get healthy servers ... [0m[32mok[0m [0m[38;5;245m(0ms)[0m
ServerRegistry - Resolve resource server ... [0m[32mok[0m [0m[38;5;245m(0ms)[0m
ServerRegistry - Resolve prompt server ... [0m[32mok[0m [0m[38;5;245m(6ms)[0m
ServerRegistry - Get statuses ... [0m[32mok[0m [0m[38;5;245m(0ms)[0m
ServerRegistry - Reset all ... [0m[32mok[0m [0m[38;5;245m(0ms)[0m
ServerRegistry - Reset health ... [0m[32mok[0m [0m[38;5;245m(0ms)[0m
ServerRegistry - Singleton registry ... [0m[32mok[0m [0m[38;5;245m(0ms)[0m
ServerRegistry - Multiple servers with same tool ... [0m[32mok[0m [0m[38;5;245m(0ms)[0m
ServerRegistry - Invalid registration - missing endpoint ... [0m[32mok[0m [0m[38;5;245m(0ms)[0m
ServerRegistry - Health initialization on register ... [0m[32mok[0m [0m[38;5;245m(0ms)[0m
ServerRegistry - Update health on non-existent server ... [0m[32mok[0m [0m[38;5;245m(0ms)[0m
ServerRegistry - Unregister non-existent server ... [0m[32mok[0m [0m[38;5;245m(0ms)[0m
ServerRegistry - Resource resolution not found ... [0m[32mok[0m [0m[38;5;245m(0ms)[0m
ServerRegistry - Prompt resolution not found ... [0m[32mok[0m [0m[38;5;245m(0ms)[0m
ServerRegistry - Multiple capabilities ... [0m[32mok[0m [0m[38;5;245m(0ms)[0m

[0m[1m[37m[41m ERRORS [0m

Health endpoint includes backend server status [0m[38;5;245m=> ./main_test.ts:31:6[0m
[0m[1m[31merror[0m: AssertionError: Values are not equal.


    [90m[1m[Diff][22m[39m [31m[1mActual[22m[39m / [32m[1mExpected[22m[39m


[31m[1m-   false[22m[39m
[32m[1m+   true[22m[39m

  throw new AssertionError(message);
[0m[31m        ^[0m
    at [0m[1m[3massertEquals[0m ([0m[36mhttps://deno.land/std@0.208.0/assert/assert_equals.ts[0m:[0m[33m53[0m:[0m[33m9[0m)
    at [0m[2m[38;5;245mfile:///C:/Users/schlp/code/deno-mcp-gateway/[0m[0m[36mmain_test.ts[0m:[0m[33m38[0m:[0m[33m3[0m

Rate limiting blocks excessive requests [0m[38;5;245m=> ./main_test.ts:171:6[0m
[0m[1m[31merror[0m: AssertionError: Values are not equal.


    [90m[1m[Diff][22m[39m [31m[1mActual[22m[39m / [32m[1mExpected[22m[39m


[31m[1m-   false[22m[39m
[32m[1m+   true[22m[39m

  throw new AssertionError(message);
[0m[31m        ^[0m
    at [0m[1m[3massertEquals[0m ([0m[36mhttps://deno.land/std@0.208.0/assert/assert_equals.ts[0m:[0m[33m53[0m:[0m[33m9[0m)
    at [0m[2m[38;5;245mfile:///C:/Users/schlp/code/deno-mcp-gateway/[0m[0m[36mmain_test.ts[0m:[0m[33m186[0m:[0m[33m3[0m

Protected endpoints require auth when API key is configured [0m[38;5;245m=> ./main_test.ts:193:6[0m
[0m[1m[31merror[0m: AssertionError: Values are not equal.


    [90m[1m[Diff][22m[39m [31m[1mActual[22m[39m / [32m[1mExpected[22m[39m


[31m[1m-   200[22m[39m
[32m[1m+   401[22m[39m

  throw new AssertionError(message);
[0m[31m        ^[0m
    at [0m[1m[3massertEquals[0m ([0m[36mhttps://deno.land/std@0.208.0/assert/assert_equals.ts[0m:[0m[33m53[0m:[0m[33m9[0m)
    at [0m[2m[38;5;245mfile:///C:/Users/schlp/code/deno-mcp-gateway/[0m[0m[36mmain_test.ts[0m:[0m[33m205[0m:[0m[33m7[0m

Bulk Upload - Upload with validation errors [0m[38;5;245m=> ./src/endpoints/serverConfigUpload.test.ts:144:6[0m
[0m[1m[31merror[0m: AssertionError: Values are not equal.


    [90m[1m[Diff][22m[39m [31m[1mActual[22m[39m / [32m[1mExpected[22m[39m


[31m[1m-   0[22m[39m
[32m[1m+   1[22m[39m

  throw new AssertionError(message);
[0m[31m        ^[0m
    at [0m[1m[3massertEquals[0m ([0m[36mhttps://deno.land/std@0.208.0/assert/assert_equals.ts[0m:[0m[33m53[0m:[0m[33m9[0m)
    at [0m[2m[38;5;245mfile:///C:/Users/schlp/code/deno-mcp-gateway/[0m[0m[36msrc/endpoints/serverConfigUpload.test.ts[0m:[0m[33m154[0m:[0m[33m3[0m

Server Listing - List registered servers [0m[38;5;245m=> ./src/endpoints/serverConfigUpload.test.ts:170:6[0m
[0m[1m[31merror[0m: AssertionError: Values are not equal.


    [90m[1m[Diff][22m[39m [31m[1mActual[22m[39m / [32m[1mExpected[22m[39m


[31m[1m-   false[22m[39m
[32m[1m+   true[22m[39m

  throw new AssertionError(message);
[0m[31m        ^[0m
    at [0m[1m[3massertEquals[0m ([0m[36mhttps://deno.land/std@0.208.0/assert/assert_equals.ts[0m:[0m[33m53[0m:[0m[33m9[0m)
    at [0m[2m[38;5;245mfile:///C:/Users/schlp/code/deno-mcp-gateway/[0m[0m[36msrc/endpoints/serverConfigUpload.test.ts[0m:[0m[33m177[0m:[0m[33m3[0m

Server Deletion - Delete non-existent server [0m[38;5;245m=> ./src/endpoints/serverConfigUpload.test.ts:206:6[0m
[0m[1m[31merror[0m: AssertionError: Values are not equal.


    [90m[1m[Diff][22m[39m [31m[1mActual[22m[39m / [32m[1mExpected[22m[39m


[31m[1m-   true[22m[39m
[32m[1m+   false[22m[39m

  throw new AssertionError(message);
[0m[31m        ^[0m
    at [0m[1m[3massertEquals[0m ([0m[36mhttps://deno.land/std@0.208.0/assert/assert_equals.ts[0m:[0m[33m53[0m:[0m[33m9[0m)
    at [0m[2m[38;5;245mfile:///C:/Users/schlp/code/deno-mcp-gateway/[0m[0m[36msrc/endpoints/serverConfigUpload.test.ts[0m:[0m[33m208[0m:[0m[33m3[0m

Health Check - Get health status [0m[38;5;245m=> ./src/endpoints/serverConfigUpload.test.ts:215:6[0m
[0m[1m[31merror[0m: AssertionError: Values are not equal.


    [90m[1m[Diff][22m[39m [31m[1mActual[22m[39m / [32m[1mExpected[22m[39m


[31m[1m-   Test
[22m[39m[32m[1m+   Test[32m[1m [1m[32m[32m[1mJourney[1m[32m[32m[1m [1m[32m[32m[1mService[1m[32m
[22m[39m

  throw new AssertionError(message);
[0m[31m        ^[0m
    at [0m[1m[3massertEquals[0m ([0m[36mhttps://deno.land/std@0.208.0/assert/assert_equals.ts[0m:[0m[33m53[0m:[0m[33m9[0m)
    at [0m[2m[38;5;245mfile:///C:/Users/schlp/code/deno-mcp-gateway/[0m[0m[36msrc/endpoints/serverConfigUpload.test.ts[0m:[0m[33m221[0m:[0m[33m3[0m

API Endpoints - POST /mcp/servers/register [0m[38;5;245m=> ./src/endpoints/serverConfigUpload.test.ts:237:6[0m
[0m[1m[31merror[0m: TypeError: error sending request for url (http://localhost:8888/mcp/servers/register): client error (Connect): tcp connect error: No connection could be made because the target machine actively refused it. (os error 10061)
  const response = await fetch('http://localhost:8888/mcp/servers/register', {
[0m[31m                   ^[0m
    [0m[2m[38;5;245mat [0m[0m[2m[38;5;245masync [0m[0m[2m[38;5;245mmainFetch[0m[0m[2m[38;5;245m ([0m[0m[2m[38;5;245mext:deno_fetch/26_fetch.js[0m[0m[2m[38;5;245m:[0m[0m[2m[38;5;245m192[0m[0m[2m[38;5;245m:[0m[0m[2m[38;5;245m12[0m[0m[2m[38;5;245m)[0m
    [0m[2m[38;5;245mat [0m[0m[2m[38;5;245masync [0m[0m[2m[38;5;245mfetch[0m[0m[2m[38;5;245m ([0m[0m[2m[38;5;245mext:deno_fetch/26_fetch.js[0m[0m[2m[38;5;245m:[0m[0m[2m[38;5;245m475[0m[0m[2m[38;5;245m:[0m[0m[2m[38;5;245m11[0m[0m[2m[38;5;245m)[0m
    at async [0m[2m[38;5;245mfile:///C:/Users/schlp/code/deno-mcp-gateway/[0m[0m[36msrc/endpoints/serverConfigUpload.test.ts[0m:[0m[33m238[0m:[0m[33m20[0m

API Endpoints - GET /mcp/servers/register [0m[38;5;245m=> ./src/endpoints/serverConfigUpload.test.ts:249:6[0m
[0m[1m[31merror[0m: TypeError: error sending request for url (http://localhost:8888/mcp/servers/register): client error (Connect): tcp connect error: No connection could be made because the target machine actively refused it. (os error 10061)
  const response = await fetch('http://localhost:8888/mcp/servers/register', {
[0m[31m                   ^[0m
    [0m[2m[38;5;245mat [0m[0m[2m[38;5;245masync [0m[0m[2m[38;5;245mmainFetch[0m[0m[2m[38;5;245m ([0m[0m[2m[38;5;245mext:deno_fetch/26_fetch.js[0m[0m[2m[38;5;245m:[0m[0m[2m[38;5;245m192[0m[0m[2m[38;5;245m:[0m[0m[2m[38;5;245m12[0m[0m[2m[38;5;245m)[0m
    [0m[2m[38;5;245mat [0m[0m[2m[38;5;245masync [0m[0m[2m[38;5;245mfetch[0m[0m[2m[38;5;245m ([0m[0m[2m[38;5;245mext:deno_fetch/26_fetch.js[0m[0m[2m[38;5;245m:[0m[0m[2m[38;5;245m475[0m[0m[2m[38;5;245m:[0m[0m[2m[38;5;245m11[0m[0m[2m[38;5;245m)[0m
    at async [0m[2m[38;5;245mfile:///C:/Users/schlp/code/deno-mcp-gateway/[0m[0m[36msrc/endpoints/serverConfigUpload.test.ts[0m:[0m[33m250[0m:[0m[33m20[0m

API Endpoints - POST /mcp/servers/upload [0m[38;5;245m=> ./src/endpoints/serverConfigUpload.test.ts:259:6[0m
[0m[1m[31merror[0m: TypeError: error sending request for url (http://localhost:8888/mcp/servers/upload): client error (Connect): tcp connect error: No connection could be made because the target machine actively refused it. (os error 10061)
  const response = await fetch('http://localhost:8888/mcp/servers/upload', {
[0m[31m                   ^[0m
    [0m[2m[38;5;245mat [0m[0m[2m[38;5;245masync [0m[0m[2m[38;5;245mmainFetch[0m[0m[2m[38;5;245m ([0m[0m[2m[38;5;245mext:deno_fetch/26_fetch.js[0m[0m[2m[38;5;245m:[0m[0m[2m[38;5;245m192[0m[0m[2m[38;5;245m:[0m[0m[2m[38;5;245m12[0m[0m[2m[38;5;245m)[0m
    [0m[2m[38;5;245mat [0m[0m[2m[38;5;245masync [0m[0m[2m[38;5;245mfetch[0m[0m[2m[38;5;245m ([0m[0m[2m[38;5;245mext:deno_fetch/26_fetch.js[0m[0m[2m[38;5;245m:[0m[0m[2m[38;5;245m475[0m[0m[2m[38;5;245m:[0m[0m[2m[38;5;245m11[0m[0m[2m[38;5;245m)[0m
    at async [0m[2m[38;5;245mfile:///C:/Users/schlp/code/deno-mcp-gateway/[0m[0m[36msrc/endpoints/serverConfigUpload.test.ts[0m:[0m[33m266[0m:[0m[33m20[0m

API Endpoints - GET /mcp/servers/{id}/health [0m[38;5;245m=> ./src/endpoints/serverConfigUpload.test.ts:276:6[0m
[0m[1m[31merror[0m: TypeError: error sending request for url (http://localhost:8888/mcp/servers/test-journey/health): client error (Connect): tcp connect error: No connection could be made because the target machine actively refused it. (os error 10061)
  const response = await fetch(
[0m[31m                   ^[0m
    [0m[2m[38;5;245mat [0m[0m[2m[38;5;245masync [0m[0m[2m[38;5;245mmainFetch[0m[0m[2m[38;5;245m ([0m[0m[2m[38;5;245mext:deno_fetch/26_fetch.js[0m[0m[2m[38;5;245m:[0m[0m[2m[38;5;245m192[0m[0m[2m[38;5;245m:[0m[0m[2m[38;5;245m12[0m[0m[2m[38;5;245m)[0m
    [0m[2m[38;5;245mat [0m[0m[2m[38;5;245masync [0m[0m[2m[38;5;245mfetch[0m[0m[2m[38;5;245m ([0m[0m[2m[38;5;245mext:deno_fetch/26_fetch.js[0m[0m[2m[38;5;245m:[0m[0m[2m[38;5;245m475[0m[0m[2m[38;5;245m:[0m[0m[2m[38;5;245m11[0m[0m[2m[38;5;245m)[0m
    at async [0m[2m[38;5;245mfile:///C:/Users/schlp/code/deno-mcp-gateway/[0m[0m[36msrc/endpoints/serverConfigUpload.test.ts[0m:[0m[33m280[0m:[0m[33m20[0m

API Endpoints - DELETE /mcp/servers/{id} [0m[38;5;245m=> ./src/endpoints/serverConfigUpload.test.ts:290:6[0m
[0m[1m[31merror[0m: TypeError: error sending request for url (http://localhost:8888/mcp/servers/test-journey): client error (Connect): tcp connect error: No connection could be made because the target machine actively refused it. (os error 10061)
    const response = await fetch(
[0m[31m                     ^[0m
    [0m[2m[38;5;245mat [0m[0m[2m[38;5;245masync [0m[0m[2m[38;5;245mmainFetch[0m[0m[2m[38;5;245m ([0m[0m[2m[38;5;245mext:deno_fetch/26_fetch.js[0m[0m[2m[38;5;245m:[0m[0m[2m[38;5;245m192[0m[0m[2m[38;5;245m:[0m[0m[2m[38;5;245m12[0m[0m[2m[38;5;245m)[0m
    [0m[2m[38;5;245mat [0m[0m[2m[38;5;245masync [0m[0m[2m[38;5;245mfetch[0m[0m[2m[38;5;245m ([0m[0m[2m[38;5;245mext:deno_fetch/26_fetch.js[0m[0m[2m[38;5;245m:[0m[0m[2m[38;5;245m475[0m[0m[2m[38;5;245m:[0m[0m[2m[38;5;245m11[0m[0m[2m[38;5;245m)[0m
    at async [0m[2m[38;5;245mfile:///C:/Users/schlp/code/deno-mcp-gateway/[0m[0m[36msrc/endpoints/serverConfigUpload.test.ts[0m:[0m[33m296[0m:[0m[33m22[0m

[0m[1m[37m[41m FAILURES [0m

Health endpoint includes backend server status [0m[38;5;245m=> ./main_test.ts:31:6[0m
Rate limiting blocks excessive requests [0m[38;5;245m=> ./main_test.ts:171:6[0m
Protected endpoints require auth when API key is configured [0m[38;5;245m=> ./main_test.ts:193:6[0m
Bulk Upload - Upload with validation errors [0m[38;5;245m=> ./src/endpoints/serverConfigUpload.test.ts:144:6[0m
Server Listing - List registered servers [0m[38;5;245m=> ./src/endpoints/serverConfigUpload.test.ts:170:6[0m
Server Deletion - Delete non-existent server [0m[38;5;245m=> ./src/endpoints/serverConfigUpload.test.ts:206:6[0m
Health Check - Get health status [0m[38;5;245m=> ./src/endpoints/serverConfigUpload.test.ts:215:6[0m
API Endpoints - POST /mcp/servers/register [0m[38;5;245m=> ./src/endpoints/serverConfigUpload.test.ts:237:6[0m
API Endpoints - GET /mcp/servers/register [0m[38;5;245m=> ./src/endpoints/serverConfigUpload.test.ts:249:6[0m
API Endpoints - POST /mcp/servers/upload [0m[38;5;245m=> ./src/endpoints/serverConfigUpload.test.ts:259:6[0m
API Endpoints - GET /mcp/servers/{id}/health [0m[38;5;245m=> ./src/endpoints/serverConfigUpload.test.ts:276:6[0m
API Endpoints - DELETE /mcp/servers/{id} [0m[38;5;245m=> ./src/endpoints/serverConfigUpload.test.ts:290:6[0m

[0m[31mFAILED[0m | 111 passed (12 steps) | 12 failed [0m[38;5;245m(14s)[0m

[0m[1m[31merror[0m: 
Test failed
